// Jest Snapshot v1, https://goo.gl/fbAQLP

exports[`Test Missions components renders correctly 1`] = `
<p>
  Loading...
</p>
`;
