// Jest Snapshot v1, https://goo.gl/fbAQLP

exports[`Navbar renders navbar 1`] = `
Object {
  "asFragment": [Function],
  "baseElement": <body>
    <div>
      <header>
        <nav
          class="navbar"
        >
          <div
            class="logo-title"
          >
            <img
              alt="Planet logo"
              class="logo"
              src="planet.png"
            />
            <h1
              class="title"
            >
              Space traveler's Hub
            </h1>
          </div>
          <ul
            class="link_list"
          >
            <li>
              <a
                activeclassname="active"
                aria-current="page"
                class="active"
                href="/"
              >
                Rockets
              </a>
            </li>
            <li>
              <a
                activeclassname="active"
                class=""
                href="/missions"
              >
                Missions
              </a>
            </li>
            <span>
              |
            </span>
            <li>
              <a
                activeclassname="active"
                class=""
                href="/profile"
              >
                My profile
              </a>
            </li>
          </ul>
        </nav>
        <hr
          class="bar"
        />
      </header>
    </div>
  </body>,
  "container": <div>
    <header>
      <nav
        class="navbar"
      >
        <div
          class="logo-title"
        >
          <img
            alt="Planet logo"
            class="logo"
            src="planet.png"
          />
          <h1
            class="title"
          >
            Space traveler's Hub
          </h1>
        </div>
        <ul
          class="link_list"
        >
          <li>
            <a
              activeclassname="active"
              aria-current="page"
              class="active"
              href="/"
            >
              Rockets
            </a>
          </li>
          <li>
            <a
              activeclassname="active"
              class=""
              href="/missions"
            >
              Missions
            </a>
          </li>
          <span>
            |
          </span>
          <li>
            <a
              activeclassname="active"
              class=""
              href="/profile"
            >
              My profile
            </a>
          </li>
        </ul>
      </nav>
      <hr
        class="bar"
      />
    </header>
  </div>,
  "debug": [Function],
  "findAllByAltText": [Function],
  "findAllByDisplayValue": [Function],
  "findAllByLabelText": [Function],
  "findAllByPlaceholderText": [Function],
  "findAllByRole": [Function],
  "findAllByTestId": [Function],
  "findAllByText": [Function],
  "findAllByTitle": [Function],
  "findByAltText": [Function],
  "findByDisplayValue": [Function],
  "findByLabelText": [Function],
  "findByPlaceholderText": [Function],
  "findByRole": [Function],
  "findByTestId": [Function],
  "findByText": [Function],
  "findByTitle": [Function],
  "getAllByAltText": [Function],
  "getAllByDisplayValue": [Function],
  "getAllByLabelText": [Function],
  "getAllByPlaceholderText": [Function],
  "getAllByRole": [Function],
  "getAllByTestId": [Function],
  "getAllByText": [Function],
  "getAllByTitle": [Function],
  "getByAltText": [Function],
  "getByDisplayValue": [Function],
  "getByLabelText": [Function],
  "getByPlaceholderText": [Function],
  "getByRole": [Function],
  "getByTestId": [Function],
  "getByText": [Function],
  "getByTitle": [Function],
  "queryAllByAltText": [Function],
  "queryAllByDisplayValue": [Function],
  "queryAllByLabelText": [Function],
  "queryAllByPlaceholderText": [Function],
  "queryAllByRole": [Function],
  "queryAllByTestId": [Function],
  "queryAllByText": [Function],
  "queryAllByTitle": [Function],
  "queryByAltText": [Function],
  "queryByDisplayValue": [Function],
  "queryByLabelText": [Function],
  "queryByPlaceholderText": [Function],
  "queryByRole": [Function],
  "queryByTestId": [Function],
  "queryByText": [Function],
  "queryByTitle": [Function],
  "rerender": [Function],
  "unmount": [Function],
}
`;

exports[`Test Navbar component renders correctly 1`] = `
  <header>
    <nav className="navbar">
      <div className="logo-title">
        <img className="logo" src={planet} alt="Planet logo" />
        <h1 className="title">Space traveler&apos;s Hub</h1>
      </div>
      <ul className="link_list">
        <li>
          <NavLink exact to="/" activeClassName="active">
            Rockets
          </NavLink>
        </li>
        <li>
          <NavLink exact to="/missions" activeClassName="active">
            Missions
          </NavLink>
        </li>
        <span>|</span>
        <li>
          <NavLink to="/profile" activeClassName="active">
            My profile
          </NavLink>
        </li>
      </ul>
    </nav>
    <hr className="bar" />
  </header>
`;
